$ node --import tsx --test tests/*.test.ts
✔ 零资源基地30分钟并行恢复符合设计，流血不造成离线损血且首次返站可休息 (2.0956ms)
✔ 长离线按强化到期、治疗和上限分段，与逐秒在线计算等价 (27.8461ms)
✔ 五设施各级成本/前置替代一次支付，救济不能变成建设材料，黑市海珠只扣一件 (1.0382ms)
✔ 有限串行生产锁定入队等级，取消只退排队批次，整批领取不重复、空间不足不改状态 (1.2783ms)
✔ 行动/待结算仅推进生产，不补回血、buff或训练；回拨不降低游标 (0.1686ms)
✔ 基地练习拒绝挂机/长跳时长/离线，每120有效秒给0.25量，三属性共享窗口且刷新状态不重置 (1.5342ms)
✔ 居民楼各图尺寸独立，每个房间和成对平台在两种潮位均有永久退路 (22.5361ms)
✔ 门两侧都可开，占门洞的玩家或活敌人拒绝关门，窗和家具通弹但不能穿行 (1.1565ms)
✔ 交互共享目标：撤离优先，其余按距离和入口、门、物资、记录排序，不隔窗拾取 (1.0784ms)
✔ 新居民楼一次投放全局25敌人和60记录，平台无投放，原海岸生成和旧世界不变 (168.3564ms)
✔ 20 original items plus production/RPG items have coherent footprints, stacks and prices (1.476ms)
✔ placement respects width, bounds and collisions; rotations are not implicit (1.0037ms)
✔ stacking and weight use per-unit definitions and preserve relief provenance (1.1645ms)
✔ transfers are all-or-nothing, including partially fillable stacks (0.4186ms)
✔ moving a complete stack onto a compatible stack merges it (0.6478ms)
✔ merchant stock, payment and full storage are transaction-safe (0.5461ms)
✔ equipping swaps safely and returns the gun to storage on unequip (0.4864ms)
✔ reload consumes exactly missing rounds and never invents ammunition (0.257ms)
✔ damage respects armor and clamps at zero without healing (0.2529ms)
✔ loot and random streams are reproducible and quantities are valid (1.7443ms)
✔ begin commits gear out of save and extract restores it exactly once (0.9632ms)
✔ death loses carried gear and preserves the 2×2 safe (0.265ms)
✔ timeout loses carried gear and preserves the 2×2 safe (0.1625ms)
✔ storage round trip and interrupted run keep checkpointed safe without duplicating loadout (1.0427ms)
✔ stale settlement cannot resolve a newer run, even with the same seed (0.2562ms)
✔ three completed runs and refreshes persist progress with no multiplication (0.6004ms)
✔ relief is conditional, cannot be repeatedly claimed and cannot be sold (0.3333ms)
✔ a gun inside the safe prevents relief duplication after save recovery (0.3859ms)
✔ recovering and persisting a failed poor run grants exactly one relief kit (0.3175ms)
✔ removing an item from safe and checkpointing cannot resurrect it on refresh (0.2524ms)
✔ quest submission consumes across inventories atomically and rewards once (0.467ms)
✔ version-zero inventory upgrades; corrupt and unknown fields cannot inject items (0.3978ms)
✔ storage errors propagate instead of silently authorizing an unsafe raid (1.1138ms)
✔ mixed magazines load relief rounds first without changing ordinary ammo provenance (0.2673ms)
✔ a full bag and full stash do not lose loaded rounds on extraction or refresh (3.6597ms)
✔ unloading a mixed magazine preserves saleability independently of a relief gun (0.2668ms)
✔ equipment swaps reject insufficient unloading space without losing gun or ammo (0.1885ms)
✔ full inventories queue one relief kit, persist it, and deliver only when room opens (4.6395ms)
✔ relief can use stash space while a full bag remains unchanged (0.7324ms)
✔ migration normalizes magazine bounds and unique item IDs across every container (0.3619ms)
✔ stale safe checkpoints cannot alter the current run and legacy active runs cannot settle (0.3612ms)
✔ raid gun swaps unload a mixed magazine with both ammo origins preserved (0.4797ms)
✔ a full raid backpack rejects a loaded gun swap atomically (1.0541ms)
✔ v4 activation is atomic, retains exact pre-upgrade bytes once, and preserves coast snapshots (61.0221ms)
✔ candidate transition commits shots, one corpse, damage training, pursuit, RNG and production together (17.1397ms)
✔ stale candidates cannot overwrite a newer commit, and foreign tickets cannot be used (9.7454ms)
✔ strict imports reject corruption without changing stored bytes or silently resetting the world (14.3526ms)
✔ expanded settled/live/pending backups preserve growth and queues; imports replace complete state (24.7234ms)
✔ dynamic caps and each independent map size are validated rather than using coast constants (0.8503ms)
✔ production discards blocked time, never exceeds three completed batches and is monotonic (0.5761ms)
✔ two independent thumbs, third pointer ownership and cancel do not stick (2.1078ms)
✔ aim-only inner ring, held fire outer ring, no shot on release or resume (0.5226ms)
✔ desktop remains press-to-fire; command repeats and lost releases are cleared (0.433ms)
✔ clock counts a 125ms frame in full and resets across pause (0.2279ms)
✔ phone layout accepts keyboard movement, sprint, interaction and single-shot mouse input (0.2148ms)
✔ active sticks take priority without discarding held physical keys (1.2992ms)
✔ closing a loot panel does not reuse held movement, fire, aim or interaction (0.2911ms)
✔ the E press used to close loot is blocked even when the overlay did not forward keydown (0.2033ms)
✔ opening loot cancels active touch sticks and does not resume them on pointer movement (0.3302ms)
✔ body/path, sight and bullet channels differ for windows, low furniture and ordinary doors (1.9082ms)
✔ finite departing trajectories stop at walls/closed doors but can kill through windows/open doors (22.7306ms)
✔ short/zero-speed shots cannot kill; first legal target receives actual damage, not overkill (0.7375ms)
✔ no landing rejects without settling bullets, and fallback uses distance then row/column inside a circle (1.8017ms)
✔ survivors without eye contact or a path do not pursue; an existing event keeps its target on return (1.423ms)
✔ killing a source pursuit cancels ownership transfer and produces only one corpse (1.2307ms)
✔ legacy coast-v1 checkpoints keep their original loose loot without adding crates (32.8843ms)
✔ container world format rejects missing, duplicate, mismatched or corrupt inventories (20.7185ms)
✔ container transfers preserve already rotated footprints through recovery (12.223ms)
✔ full containers refuse returned items and keep exact coordinates on both sides (6.0271ms)
✔ another writer fences a staged container transfer without changing the winning save (11.2606ms)
✔ container and backpack transfers keep the complete item and its chosen coordinates (51.9059ms)
✔ taking from and returning to a container updates the restored safe and world atomically (20.8955ms)
✔ the take write observes the old live container until commit (9.8376ms)
✔ the return write observes the old live container until commit (8.7055ms)
✔ failed storage rolls back container take with bag and permits one retry (11.7464ms)
✔ failed storage rolls back container return with bag and permits one retry (11.9386ms)
✔ failed storage rolls back container take with safe and permits one retry (12.267ms)
✔ failed storage rolls back container return with safe and permits one retry (13.1418ms)
✔ an unexpected exception after a character change rolls back both sides (16.3798ms)
✔ container rearrangement supports self-overlap and complete stack merges (19.4634ms)
✔ bag and safe can exchange items through the same exact-slot transaction (21.3442ms)
✔ merging consumes the source UID while keeping target identity and relief restrictions (11.8792ms)
✔ invalid slots, endpoints and unavailable items have no side effects or writes (11.095ms)
✔ stale run and mismatched container identities are rejected before any write (4.9835ms)
✔ non-running, conflict and pending-settlement sessions block looting (7.1827ms)
✔ containers from the last raid cannot supply the next raid (13.9709ms)
✔ split with rotation and partial merge persist source remainder atomically and roll back on write failure (20.6286ms)
✔ the original 100-seed run generation keeps its pre-container baseline fingerprint (10.05ms)
✔ 100 seeds conserve all loot while crates stay nearby, dry and clear of interactions (581.1904ms)
✔ partition picks shortest routes, breaks ties by coordinates and respects walls and named regions (0.6548ms)
✔ exact placement validates the complete footprint without changing either inventory (5.271ms)
✔ full inventory rejects a chosen slot even when the source could stack elsewhere (0.5041ms)
✔ whole stacks merge only at their exact origin and never exceed the stack limit (0.3394ms)
✔ relief identity is preserved for both accepted and refused stacks (0.3354ms)
✔ same-inventory rearrangement can overlap its old footprint but cannot overlap other items (0.2612ms)
✔ missing items, malformed quantities and duplicate identities are rejected (0.2272ms)
✔ partial merges conserve the total and preserve source identity, position and relief (0.4737ms)
✔ split and rotation are previews until valid exact placement, without self-overlap or duplicated identities (0.3039ms)
✔ 商场39区域、7同层开口、4成对连接及固定验证锚点合法，两层同坐标各自拥有楼板 (6.5305ms)
✔ 所有可行走格、开放房间和露台在两种潮位都连至合法平台或干燥撤离环路 (71.9604ms)
✔ 商场一次分配6/10/9敌人与12/28/20物资，10箱20记录和40散落，幸运中性守恒且刷新不重投 (223.9732ms)
✔ B/M/V装饰的视觉登记与实际移动、子弹和视线通道一致；封存核无隐形连接 (0.7775ms)
✔ 商场同平面坐标的两个原敌人、掉落和声源由楼层隔离，双向射击只结算当前层 (10.4891ms)
✔ 追击敌人走过门后，玩家关门，后续帧、刷新及连接等待不得重开身后的门 (7.5027ms)
✔ 一帧跨过弯道和多扇门时仍打开新路段的门，越过后不再处理旧门 (2.7613ms)
✔ 追击进度、途经开门和抵达只移交一个原身份，冷却/生命不重置，返回不改变旧目标 (17.5709ms)
✔ 堵塞目标稳定等待，腾出落点后抵达；不可见目标收到敌人但本地时间仍冻结 (1.1877ms)
✔ 返回来源层时落点避开仍属于追击事件的活人投影 (2.3416ms)
✔ 普通飞行与离层结算共用有限首碰撞内核，同一子弹伤害和掉落一致 (2.3979ms)
✔ 潮位切断剩余路段时取消追击并归回来源，听声或未发现玩家不登记事件 (0.828ms)
✔ RPG shop keeps cloth and medicines in atomic carts; classic shop cannot buy the extended stock (36.3037ms)
✔ layered container split/rotation and partial merging share one durable world/inventory transaction (89.5782ms)
✔ incoming bullet feedback uses actual same-layer hits; blocked and departing bullets do not signal player hits (2.4112ms)
✔ departure warnings use matching ammo in the backpack and distinguish safe-only treatment (2.3619ms)
✔ raid tracking separates stored and carried materials without double-counting the safe checkpoint (3.5632ms)
✔ navigation reports compass bearing and straight-line tile distance in every quadrant (1.1987ms)
✔ v1 Runtime loads both real routes without DOM and publishes detached immutable batches (61.7557ms)
✔ clock retains 125ms, stalls over 2s, resets on pause, and checkpoints every 2s (30.9141ms)
✔ blocked panels advance the world with empty input; pause freezes it; old held controls rearm (15.1279ms)
✔ shotgun batches report six actual pellets without additional RNG draws, and aim is continuous (12.6377ms)
✔ commands and fireHeld only reach first substep; primary and knife retain actual weapon semantics (7.2199ms)
✔ map data retains classic water, real door orientation, stable region IDs and half-open revelation (22.077ms)
✔ true reload increments epoch; transaction synchronization and repeated view reads do not (41.0041ms)
✔ door mutation failure publishes no success, and retries original candidate exactly once (37.6134ms)
✔ layer commit moves epoch once, freezes source time and filters source event stamps (94.5569ms)
✔ ground pickup and medical failures roll back world, inventory and vitals (55.8522ms)
✔ stale container TargetRef cannot select or transfer from a new run/map (9.0716ms)
✔ classic corpse rotation and container survive snapshot reconstruction without death replay (7.3214ms)
✔ all terminal failures preserve pending backup; success precedes disposal and no duplicate rewards (51.405ms)
✔ extraction needs held 3 seconds, and movement intent interrupts it (27.7339ms)
✔ shared layered observation is side-effect-free for hits and departure (14.5258ms)
✔ test fixture capabilities require explicit opt-in (10.7613ms)
✔ medical commit failure rolls back an actual available supply and successful retry commits once (40.7191ms)
✔ container transfer is atomic, partial quantity is truthful, and stale requests cannot redirect it (47.8034ms)
✔ failed departure discards source hit effects; retry emits source stamp and commits original RNG (27.1487ms)
✔ environment damage has no direction and consumes no combat RNG (5.6867ms)
✔ region boundary, sealed overlap and 16px revelation cache retain fail-closed presentation (5.9376ms)
✔ DDA observes corner, start-blocked, range and transmissive low/window without changing outcomes (8.2521ms)
✔ storage conflict freezes world and blocks all durable effects (18.8491ms)
✔ production host exposes no mutable core or fixture controls and preserves terminal retry (8.016ms)
✔ warning, tide and timeout use global elapsed with timeout before input (34.4449ms)
✔ drop and equip failure restore ammunition provenance, inventory, ground and allocator (33.8741ms)
✔ deployment debit and complete initial world restore together without rerunning beginRun (40.9681ms)
✔ failed checkpoint leaves the complete previous revision; retry cannot resurrect a terminal run (10.3429ms)
✔ old client writes cannot overwrite the v2 record; migration keeps exact original bytes (1.347ms)
✔ malformed, future and inconsistent checkpoints never overwrite stored progress (10.9249ms)
✔ revision fence rejects a writer holding an older record (1.7315ms)
✔ gameplay random state resumes the exact next draws (0.2716ms)
✔ 声望等级端点、实时资格、折扣舍入最低1；公共商人和原任务不绑定阵营 (1.7564ms)
✔ 通用配置奖励一次扣料、发现金、全部声望/属性/幸运并保存凭据，满级不换成现金 (1.17ms)
✔ 幸运1不改原物资且不抽取；低幸运保护任务、救济、单件原物品，高幸运追加一次 (0.4052ms)
✔ 同名普通/救济堆低幸运只减普通，满容器好运溢出变成同图地面物资 (2.5744ms)
✔ 初始幸运单元和地图事件只判定一次，重复恢复/打开不会继续抽取或增产 (1.0401ms)
✔ 饰品交换守恒、满栏拒绝卸下、隐藏幸运仅临时改变且夹在范围内 (3.2182ms)
✔ 中心仍可不暴击，边缘仍可暴击，miss不抽取；实际枪傷不会按过量或匕首计训练 (1.8599ms)
✔ 霰弹逐颗独立：一暴击一普通为37.5伤害，离层和正常飞行结果/RNG完全一致 (31.9882ms)
✔ either insertion order fits medkit and water in four cells, without moving existing items (2.6463ms)
✔ manual rotation rejects collisions, preserves UID and relief, and follows rotated bounds when moved (0.5001ms)
✔ rotated settled backups survive validation and reject malformed or legacy orientation (3.9683ms)
✔ v2 session migration keeps exact bytes and a failed commit leaves the original record (15.5444ms)
✔ rotated safe survives checkpoint, death settlement and recovery backup round trip (28.5804ms)
✔ 精神/缺水/饥饿30、10、0与污染40、70、70+边界不受显示取整影响 (3.9183ms)
✔ 十分钟基础消耗与体质保护吻合，污染恢复与直接损血不被体质削弱 (1.0918ms)
✔ 强化不补满，到期裁切不计损伤；针剂结束疲劳按剩余时间推进，镇痛不止血 (0.4472ms)
✔ 训练递减、余数、硬上限与重复提交差额不会重复增长 (0.6141ms)
✔ 顶墙不训练，两个地块内往返每60秒最多15秒；实际路线推进和耐力可计量 (1.9604ms)
✔ 敌伤、合格治疗每敌每局50上限，环境伤/溢出/无效物品不提供训练 (0.6449ms)
✔ 有效敌伤20触发疼痛，精神惊吓按全局十秒节流，不因换层重新开始 (0.3679ms)
✔ 暴击公式区分技巧和专注，不对中心命中作保证，最终最高25% (0.2374ms)
✔ extract: failed settlement stays pending, retry saves exactly once and survives reload (16.695ms)
✔ death: failed settlement stays pending, retry saves exactly once and survives reload (5.58ms)
✔ timeout: failed settlement stays pending, retry saves exactly once and survives reload (5.3969ms)
✔ merchant purchases and quest submission roll back cash, items and rewards on storage failure (7.8049ms)
✔ failed safe transfers and medical use restore both inventories and player vitals (9.2208ms)
✔ another tab cannot be overwritten by a pending retry; backup remains exportable (3.1243ms)
✔ backup import preserves the old save on failure and commits the full new save on success (1.3539ms)
✔ backup reader rejects unrelated, unsupported, truncated, oversized, overlapping and live-raid data (1.6833ms)
✔ sessions isolate progress, storage and pending outcomes (31.5849ms)
✔ a denied storage accessor is handled without publishing a raid loadout (2.7829ms)
✔ initialization migrates version-zero but refuses to overwrite malformed saves (2.2889ms)
✔ interrupted recovery survives a failed startup write without duplicating relief (2.7317ms)
✔ deployment publishes gear and run count only after storage accepts the candidate (11.6392ms)
✔ deployment cannot bypass session state or a cross-window conflict (0.7995ms)
✔ a reject after partial mutation restores progress, loadout and every vital (5.019ms)
✔ a throw after partial mutation restores progress, loadout and every vital (4.8969ms)
✔ a committed safe transfer restores the matching live loadout without duplication (11.9785ms)
✔ relief and volume writes retain the last durable values on failure (2.2996ms)
✔ staging, failed writes and conflict keep one frozen settlement until successful retry (7.5758ms)
✔ import commits before replacing state and does not alias its input (1.4052ms)
✔ cart conserves goods before checkout; pack return and sale return cancel without touching save (16.4824ms)
✔ net settlement allows sale to finance the purchase and free its storage space (0.914ms)
✔ insufficient cash or space rejects every purchase and sale (0.9947ms)
✔ quest warning uses whole transaction totals, includes carried supplies and excludes finished quests (1.2337ms)
✔ relief, malformed pack and changed stash cannot be sold or settled (0.8237ms)
✔ save failure rolls back entire net transaction, retry writes exactly once and reload agrees (6.2643ms)
✔ 明确落格保留的战利品在安全箱、背包或仓库中跨同种子商场/居民楼出击，生成身份不冲突 (197.9822ms)
✔ 基地设施候选失败不扣钱和材料，重试同一票据只扣一次并保留升级前恢复速率 (2.3707ms)
✔ 通用多阵营奖励、永久属性和幸运在失败后整体回滚，重试及重复交付不叠加 (4.7216ms)
✔ 生产出击后推进、活动局不离线回血；楼层和成品同票据提交，失败重试不重抽 (26.7163ms)
✔ 死亡、超时、放弃保持成长与安全箱；只有死亡设置低值身体，待结算不开始基地恢复 (42.5162ms)
✔ 旧库存海珠不自动开放黑市；成功带回普通海珠的凭据独立保存且不再扣第二份 (9.6073ms)
✔ 扩展v2未知字段、重复护符UID、未声明敌弹来源与损坏事件拒绝，不改变原始字节 (11.2772ms)
✔ pointer normalisation saturates at and beyond the viewport edges (1.9685ms)
✔ camera follow is frame-rate independent and never overshoots (0.3757ms)
✔ frame steps are clamped so resuming never fast-forwards motion (0.219ms)
✔ parallax has continuous subpixel positions and a bounded horizontal comfort range (0.5047ms)
✔ any one stop condition halts the whole scene (0.2433ms)
✔ decoration randomness is deterministic and separate per seed (0.3424ms)
✔ pose frames, blinks and twinkles stay in their discrete states (0.4422ms)
✔ full-screen layers cover their largest parallax travel, so edges never show (87.5122ms)
✔ fog tiles repeat seamlessly (two periods equal the tile twice) (12.8168ms)
✔ the room layer is open at the door and window, and solid elsewhere (67.1971ms)
✔ exterior pier owns no interior floor below the threshold; room owns the floor (103.6541ms)
✔ every runtime title import matches the imported-art manifest (444.4071ms)
✔ grid layers share one 640x360 art-pixel grid and one palette (345.615ms)
✔ border preparation extrudes existing RGBA, including alpha, without shifting content (0.9909ms)
✔ the wordmark keeps real heading text and only whole-pixel sizes (0.843ms)
✔ hand-authored map dimensions and five named districts are stable (4.6179ms)
✔ every permanent walkable tile and every exit are connected at both tides (16.5958ms)
✔ 100 seeds: both chosen exits remain reachable before and after tide change (147.4648ms)
✔ every flood tile can reach nearby permanent land at low tide (9.212ms)
✔ seeds reproduce all run choices and different seeds vary them (5.2197ms)
✔ collision, boundaries, tide gates and line of sight respect walls (0.4638ms)
ℹ tests 223
ℹ suites 0
ℹ pass 223
ℹ fail 0
ℹ cancelled 0
ℹ skipped 0
ℹ todo 0
ℹ duration_ms 5753.9054
