$ node --import tsx --test tests/*.test.ts
✔ 零资源基地30分钟并行恢复符合设计，流血不造成离线损血且首次返站可休息 (2.0659ms)
✔ 长离线按强化到期、治疗和上限分段，与逐秒在线计算等价 (34.8978ms)
✔ 五设施各级成本/前置替代一次支付，救济不能变成建设材料，黑市海珠只扣一件 (1.1562ms)
✔ 有限串行生产锁定入队等级，取消只退排队批次，整批领取不重复、空间不足不改状态 (1.3086ms)
✔ 行动/待结算仅推进生产，不补回血、buff或训练；回拨不降低游标 (0.2168ms)
✔ 基地练习拒绝挂机/长跳时长/离线，每120有效秒给0.25量，三属性共享窗口且刷新状态不重置 (2.8583ms)
✔ 居民楼各图尺寸独立，每个房间和成对平台在两种潮位均有永久退路 (22.9534ms)
✔ 门两侧都可开，占门洞的玩家或活敌人拒绝关门，窗和家具通弹但不能穿行 (0.7796ms)
✔ 交互共享目标：撤离优先，其余按距离和入口、门、物资、记录排序，不隔窗拾取 (1.5841ms)
✔ 新居民楼一次投放全局25敌人和60记录，平台无投放，原海岸生成和旧世界不变 (172.2375ms)
✔ 样板音效：开枪、近战、受击、拾取与开门按原 RaidScene 的提示音映射，只认当前地图事件 (2.5675ms)
✔ 样板音效：他人的枪声、受击、撞墙和开门按方位左右声像、随距离减弱；玩家自己的声音居中 (0.5673ms)
✔ 样板音效：敌方子弹从身边 30 像素内掠过时只响一次掠空声；远处飞过不响 (0.69ms)
✔ 样板音效：生命低于 30% 时有心跳；空弹匣且无备弹时扣扳机有空响 (1.1474ms)
✔ 样板音效：进入室内房间或楼层时海声闭合，回到室外打开；只在变化时设置，重启音频后重新设置 (0.233ms)
✔ 样板音效：流血和污染每帧的小额受伤不播放受击音 (0.2774ms)
✔ 样板音效：暂停时挂起、恢复时重启，结算阶段不挂起；首帧按当前阶段决定 (0.2023ms)
✔ 样板音效：脚步按原节奏（步行 0.42 秒、疾跑 0.25 秒），换弹开始和完成各一声，治疗消耗补给播放拾取音 (0.6072ms)
✔ 样板音效：结算提示音立即请求；从暂停菜单放弃时先重启音频再请求（音频服务在恢复期间排定，不再丢弃） (0.2647ms)
✔ 20 original items plus production/RPG items have coherent footprints, stacks and prices (1.7751ms)
✔ placement respects width, bounds and collisions; rotations are not implicit (0.788ms)
✔ stacking and weight use per-unit definitions and preserve relief provenance (1.1336ms)
✔ transfers are all-or-nothing, including partially fillable stacks (0.3762ms)
✔ moving a complete stack onto a compatible stack merges it (0.2811ms)
✔ merchant stock, payment and full storage are transaction-safe (0.543ms)
✔ equipping swaps safely and returns the gun to storage on unequip (0.5221ms)
✔ reload consumes exactly missing rounds and never invents ammunition (0.2344ms)
✔ damage respects armor and clamps at zero without healing (0.1863ms)
✔ loot and random streams are reproducible and quantities are valid (1.6926ms)
✔ begin commits gear out of save and extract restores it exactly once (0.8492ms)
✔ death loses carried gear and preserves the 2×2 safe (0.2914ms)
✔ timeout loses carried gear and preserves the 2×2 safe (0.191ms)
✔ storage round trip and interrupted run keep checkpointed safe without duplicating loadout (0.97ms)
✔ stale settlement cannot resolve a newer run, even with the same seed (0.3145ms)
✔ three completed runs and refreshes persist progress with no multiplication (0.6269ms)
✔ relief is conditional, cannot be repeatedly claimed and cannot be sold (0.2809ms)
✔ a gun inside the safe prevents relief duplication after save recovery (0.3127ms)
✔ recovering and persisting a failed poor run grants exactly one relief kit (0.3019ms)
✔ removing an item from safe and checkpointing cannot resurrect it on refresh (0.2326ms)
✔ quest submission consumes across inventories atomically and rewards once (0.486ms)
✔ version-zero inventory upgrades; corrupt and unknown fields cannot inject items (1.0929ms)
✔ storage errors propagate instead of silently authorizing an unsafe raid (0.3921ms)
✔ mixed magazines load relief rounds first without changing ordinary ammo provenance (0.25ms)
✔ a full bag and full stash do not lose loaded rounds on extraction or refresh (4.402ms)
✔ unloading a mixed magazine preserves saleability independently of a relief gun (0.2556ms)
✔ equipment swaps reject insufficient unloading space without losing gun or ammo (0.206ms)
✔ full inventories queue one relief kit, persist it, and deliver only when room opens (4.1747ms)
✔ relief can use stash space while a full bag remains unchanged (1.4948ms)
✔ migration normalizes magazine bounds and unique item IDs across every container (0.4588ms)
✔ stale safe checkpoints cannot alter the current run and legacy active runs cannot settle (0.2831ms)
✔ raid gun swaps unload a mixed magazine with both ammo origins preserved (0.3348ms)
✔ a full raid backpack rejects a loaded gun swap atomically (0.3742ms)
✔ v4 activation is atomic, retains exact pre-upgrade bytes once, and preserves coast snapshots (66.2468ms)
✔ candidate transition commits shots, one corpse, damage training, pursuit, RNG and production together (27.5722ms)
✔ stale candidates cannot overwrite a newer commit, and foreign tickets cannot be used (12.2531ms)
✔ strict imports reject corruption without changing stored bytes or silently resetting the world (15.2956ms)
✔ expanded settled/live/pending backups preserve growth and queues; imports replace complete state (19.4899ms)
✔ dynamic caps and each independent map size are validated rather than using coast constants (0.857ms)
✔ production discards blocked time, never exceeds three completed batches and is monotonic (0.5054ms)
✔ two independent thumbs, third pointer ownership and cancel do not stick (1.4055ms)
✔ aim-only inner ring, held fire outer ring, no shot on release or resume (0.3128ms)
✔ desktop remains press-to-fire; command repeats and lost releases are cleared (0.2421ms)
✔ clock counts a 125ms frame in full and resets across pause (0.1992ms)
✔ phone layout accepts keyboard movement, sprint, interaction and single-shot mouse input (0.2069ms)
✔ active sticks take priority without discarding held physical keys (0.8449ms)
✔ closing a loot panel does not reuse held movement, fire, aim or interaction (0.2218ms)
✔ the E press used to close loot is blocked even when the overlay did not forward keydown (0.1202ms)
✔ opening loot cancels active touch sticks and does not resume them on pointer movement (0.2528ms)
✔ body/path, sight and bullet channels differ for windows, low furniture and ordinary doors (4.1094ms)
✔ finite departing trajectories stop at walls/closed doors but can kill through windows/open doors (33.2652ms)
✔ short/zero-speed shots cannot kill; first legal target receives actual damage, not overkill (0.8626ms)
✔ no landing rejects without settling bullets, and fallback uses distance then row/column inside a circle (2.6201ms)
✔ survivors without eye contact or a path do not pursue; an existing event keeps its target on return (1.3919ms)
✔ killing a source pursuit cancels ownership transfer and produces only one corpse (1.3432ms)
✔ legacy coast-v1 checkpoints keep their original loose loot without adding crates (32.5164ms)
✔ container world format rejects missing, duplicate, mismatched or corrupt inventories (17.7986ms)
✔ container transfers preserve already rotated footprints through recovery (12.2846ms)
✔ full containers refuse returned items and keep exact coordinates on both sides (5.4269ms)
✔ another writer fences a staged container transfer without changing the winning save (10.381ms)
✔ container and backpack transfers keep the complete item and its chosen coordinates (41.812ms)
✔ taking from and returning to a container updates the restored safe and world atomically (30.5157ms)
✔ the take write observes the old live container until commit (8.7838ms)
✔ the return write observes the old live container until commit (7.5413ms)
✔ failed storage rolls back container take with bag and permits one retry (15.9019ms)
✔ failed storage rolls back container return with bag and permits one retry (15.0891ms)
✔ failed storage rolls back container take with safe and permits one retry (18.1669ms)
✔ failed storage rolls back container return with safe and permits one retry (15.3088ms)
✔ an unexpected exception after a character change rolls back both sides (5.8756ms)
✔ container rearrangement supports self-overlap and complete stack merges (23.1814ms)
✔ bag and safe can exchange items through the same exact-slot transaction (17.8775ms)
✔ merging consumes the source UID while keeping target identity and relief restrictions (23.8316ms)
✔ invalid slots, endpoints and unavailable items have no side effects or writes (18.6186ms)
✔ stale run and mismatched container identities are rejected before any write (4.815ms)
✔ non-running, conflict and pending-settlement sessions block looting (9.2789ms)
✔ containers from the last raid cannot supply the next raid (8.9511ms)
✔ split with rotation and partial merge persist source remainder atomically and roll back on write failure (21.9696ms)
✔ the original 100-seed run generation keeps its pre-container baseline fingerprint (11.8685ms)
✔ 100 seeds conserve all loot while crates stay nearby, dry and clear of interactions (628.071ms)
✔ partition picks shortest routes, breaks ties by coordinates and respects walls and named regions (0.6133ms)
✔ exact placement validates the complete footprint without changing either inventory (2.5576ms)
✔ full inventory rejects a chosen slot even when the source could stack elsewhere (0.8584ms)
✔ whole stacks merge only at their exact origin and never exceed the stack limit (0.5739ms)
✔ relief identity is preserved for both accepted and refused stacks (0.5345ms)
✔ same-inventory rearrangement can overlap its old footprint but cannot overlap other items (0.5266ms)
✔ missing items, malformed quantities and duplicate identities are rejected (0.3453ms)
✔ partial merges conserve the total and preserve source identity, position and relief (0.6291ms)
✔ split and rotation are previews until valid exact placement, without self-overlap or duplicated identities (0.5232ms)
✔ 商场39区域、7同层开口、4成对连接及固定验证锚点合法，两层同坐标各自拥有楼板 (7.9369ms)
✔ 所有可行走格、开放房间和露台在两种潮位都连至合法平台或干燥撤离环路 (65.2082ms)
✔ 商场一次分配6/10/9敌人与12/28/20物资，10箱20记录和40散落，幸运中性守恒且刷新不重投 (207.7745ms)
✔ B/M/V装饰的视觉登记与实际移动、子弹和视线通道一致；封存核无隐形连接 (0.7124ms)
✔ 商场同平面坐标的两个原敌人、掉落和声源由楼层隔离，双向射击只结算当前层 (11.5874ms)
✔ 追击敌人走过门后，玩家关门，后续帧、刷新及连接等待不得重开身后的门 (8.4831ms)
✔ 一帧跨过弯道和多扇门时仍打开新路段的门，越过后不再处理旧门 (2.5618ms)
✔ 追击进度、途经开门和抵达只移交一个原身份，冷却/生命不重置，返回不改变旧目标 (15.1806ms)
✔ 堵塞目标稳定等待，腾出落点后抵达；不可见目标收到敌人但本地时间仍冻结 (2.3208ms)
✔ 返回来源层时落点避开仍属于追击事件的活人投影 (1.6467ms)
✔ 普通飞行与离层结算共用有限首碰撞内核，同一子弹伤害和掉落一致 (3.4107ms)
✔ 潮位切断剩余路段时取消追击并归回来源，听声或未发现玩家不登记事件 (0.7718ms)
✔ RPG shop keeps cloth and medicines in atomic carts; classic shop cannot buy the extended stock (40.8163ms)
✔ layered container split/rotation and partial merging share one durable world/inventory transaction (72.7052ms)
✔ incoming bullet feedback uses actual same-layer hits; blocked and departing bullets do not signal player hits (2.0356ms)
✔ departure warnings use matching ammo in the backpack and distinguish safe-only treatment (2.5842ms)
✔ raid tracking separates stored and carried materials without double-counting the safe checkpoint (0.709ms)
✔ navigation reports compass bearing and straight-line tile distance in every quadrant (0.3323ms)
✔ v1 Runtime loads both real routes without DOM and publishes detached immutable batches (50.9993ms)
✔ clock retains 125ms, stalls over 2s, resets on pause, and checkpoints every 2s (21.6015ms)
✔ blocked panels advance the world with empty input; pause freezes it; old held controls rearm (13.8077ms)
✔ shotgun batches report six actual pellets without additional RNG draws, and aim is continuous (8.7037ms)
✔ commands and fireHeld only reach first substep; primary and knife retain actual weapon semantics (9.0683ms)
✖ map data retains classic water, real door orientation, stable region IDs and half-open revelation (17.7307ms)
✔ true reload increments epoch; transaction synchronization and repeated view reads do not (43.8494ms)
✔ door mutation failure publishes no success, and retries original candidate exactly once (40.6056ms)
✔ layer commit moves epoch once, freezes source time and filters source event stamps (89.5649ms)
✔ ground pickup and medical failures roll back world, inventory and vitals (50.0976ms)
✔ stale container TargetRef cannot select or transfer from a new run/map (8.7124ms)
✔ classic corpse rotation and container survive snapshot reconstruction without death replay (9.3868ms)
✔ all terminal failures preserve pending backup; success precedes disposal and no duplicate rewards (38.064ms)
✔ extraction needs held 3 seconds, and movement intent interrupts it (21.4637ms)
✔ shared layered observation is side-effect-free for hits and departure (7.0604ms)
✔ test fixture capabilities require explicit opt-in (6.2895ms)
✔ medical commit failure rolls back an actual available supply and successful retry commits once (35.2872ms)
✔ container transfer is atomic, partial quantity is truthful, and stale requests cannot redirect it (35.7287ms)
✔ failed departure discards source hit effects; retry emits source stamp and commits original RNG (17.1751ms)
✔ environment damage has no direction and consumes no combat RNG (3.8584ms)
✔ region boundary, sealed overlap and 16px revelation cache retain fail-closed presentation (5.005ms)
✔ DDA observes corner, start-blocked, range and transmissive low/window without changing outcomes (4.5903ms)
✔ storage conflict freezes world and blocks all durable effects (8.0144ms)
✔ production host exposes no mutable core or fixture controls and preserves terminal retry (6.7882ms)
✔ warning, tide and timeout use global elapsed with timeout before input (38.9556ms)
✔ drop and equip failure restore ammunition provenance, inventory, ground and allocator (34.7155ms)
✔ startup cancellation detaches ownership without writing, advancing RNG, or settling the saved raid (13.6688ms)
✔ deployment debit and complete initial world restore together without rerunning beginRun (34.7913ms)
✔ failed checkpoint leaves the complete previous revision; retry cannot resurrect a terminal run (9.381ms)
✔ old client writes cannot overwrite the v2 record; migration keeps exact original bytes (1.206ms)
✔ malformed, future and inconsistent checkpoints never overwrite stored progress (9.2736ms)
✔ revision fence rejects a writer holding an older record (1.7321ms)
✔ gameplay random state resumes the exact next draws (0.2616ms)
✔ 声望等级端点、实时资格、折扣舍入最低1；公共商人和原任务不绑定阵营 (2.0442ms)
✔ 通用配置奖励一次扣料、发现金、全部声望/属性/幸运并保存凭据，满级不换成现金 (1.3323ms)
✔ 幸运1不改原物资且不抽取；低幸运保护任务、救济、单件原物品，高幸运追加一次 (0.4265ms)
✔ 同名普通/救济堆低幸运只减普通，满容器好运溢出变成同图地面物资 (2.5129ms)
✔ 初始幸运单元和地图事件只判定一次，重复恢复/打开不会继续抽取或增产 (1.0885ms)
✔ 饰品交换守恒、满栏拒绝卸下、隐藏幸运仅临时改变且夹在范围内 (3.5581ms)
✔ 中心仍可不暴击，边缘仍可暴击，miss不抽取；实际枪傷不会按过量或匕首计训练 (14.8482ms)
✔ 霰弹逐颗独立：一暴击一普通为37.5伤害，离层和正常飞行结果/RNG完全一致 (20.2585ms)
✔ either insertion order fits medkit and water in four cells, without moving existing items (9.5079ms)
✔ manual rotation rejects collisions, preserves UID and relief, and follows rotated bounds when moved (1.6197ms)
✔ rotated settled backups survive validation and reject malformed or legacy orientation (6.0434ms)
✔ v2 session migration keeps exact bytes and a failed commit leaves the original record (18.1115ms)
✔ rotated safe survives checkpoint, death settlement and recovery backup round trip (25.4496ms)
✔ 精神/缺水/饥饿30、10、0与污染40、70、70+边界不受显示取整影响 (3.2761ms)
✔ 十分钟基础消耗与体质保护吻合，污染恢复与直接损血不被体质削弱 (1.1533ms)
✔ 强化不补满，到期裁切不计损伤；针剂结束疲劳按剩余时间推进，镇痛不止血 (0.4773ms)
✔ 训练递减、余数、硬上限与重复提交差额不会重复增长 (0.7246ms)
✔ 顶墙不训练，两个地块内往返每60秒最多15秒；实际路线推进和耐力可计量 (2.6383ms)
✔ 敌伤、合格治疗每敌每局50上限，环境伤/溢出/无效物品不提供训练 (1.0454ms)
✔ 有效敌伤20触发疼痛，精神惊吓按全局十秒节流，不因换层重新开始 (0.4152ms)
✔ 暴击公式区分技巧和专注，不对中心命中作保证，最终最高25% (0.2019ms)
✔ extract: failed settlement stays pending, retry saves exactly once and survives reload (15.8551ms)
✔ death: failed settlement stays pending, retry saves exactly once and survives reload (6.2612ms)
✔ timeout: failed settlement stays pending, retry saves exactly once and survives reload (7.5382ms)
✔ merchant purchases and quest submission roll back cash, items and rewards on storage failure (7.7462ms)
✔ failed safe transfers and medical use restore both inventories and player vitals (11.5426ms)
✔ another tab cannot be overwritten by a pending retry; backup remains exportable (2.7462ms)
✔ backup import preserves the old save on failure and commits the full new save on success (1.3766ms)
✔ backup reader rejects unrelated, unsupported, truncated, oversized, overlapping and live-raid data (2.0301ms)
✔ sessions isolate progress, storage and pending outcomes (29.445ms)
✔ a denied storage accessor is handled without publishing a raid loadout (2.5755ms)
✔ initialization migrates version-zero but refuses to overwrite malformed saves (1.7479ms)
✔ interrupted recovery survives a failed startup write without duplicating relief (2.2324ms)
✔ deployment publishes gear and run count only after storage accepts the candidate (12.1648ms)
✔ deployment cannot bypass session state or a cross-window conflict (0.5364ms)
✔ a reject after partial mutation restores progress, loadout and every vital (6.327ms)
✔ a throw after partial mutation restores progress, loadout and every vital (4.6956ms)
✔ a committed safe transfer restores the matching live loadout without duplication (11.9775ms)
✔ relief and volume writes retain the last durable values on failure (2.3643ms)
✔ staging, failed writes and conflict keep one frozen settlement until successful retry (8.7543ms)
✔ import commits before replacing state and does not alias its input (1.4297ms)
✔ cart conserves goods before checkout; pack return and sale return cancel without touching save (16.0689ms)
✔ net settlement allows sale to finance the purchase and free its storage space (0.8255ms)
✔ insufficient cash or space rejects every purchase and sale (0.8749ms)
✔ quest warning uses whole transaction totals, includes carried supplies and excludes finished quests (0.6458ms)
✔ relief, malformed pack and changed stash cannot be sold or settled (0.6971ms)
✔ save failure rolls back entire net transaction, retry writes exactly once and reload agrees (5.6205ms)
✔ 明确落格保留的战利品在安全箱、背包或仓库中跨同种子商场/居民楼出击，生成身份不冲突 (185.939ms)
✔ 基地设施候选失败不扣钱和材料，重试同一票据只扣一次并保留升级前恢复速率 (3.2812ms)
✔ 通用多阵营奖励、永久属性和幸运在失败后整体回滚，重试及重复交付不叠加 (4.6073ms)
✔ 生产出击后推进、活动局不离线回血；楼层和成品同票据提交，失败重试不重抽 (22.4834ms)
✔ 死亡、超时、放弃保持成长与安全箱；只有死亡设置低值身体，待结算不开始基地恢复 (33.4554ms)
✔ 旧库存海珠不自动开放黑市；成功带回普通海珠的凭据独立保存且不再扣第二份 (8.7677ms)
✔ 扩展v2未知字段、重复护符UID、未声明敌弹来源与损坏事件拒绝，不改变原始字节 (9.5274ms)
✔ pointer normalisation saturates at and beyond the viewport edges (1.6862ms)
✔ camera follow is frame-rate independent and never overshoots (0.3943ms)
✔ frame steps are clamped so resuming never fast-forwards motion (0.2553ms)
✔ parallax has continuous subpixel positions and a bounded horizontal comfort range (0.6205ms)
✔ any one stop condition halts the whole scene (0.1801ms)
✔ decoration randomness is deterministic and separate per seed (0.3697ms)
✔ pose frames, blinks and twinkles stay in their discrete states (0.5676ms)
✔ full-screen layers cover their largest parallax travel, so edges never show (76.291ms)
✔ fog tiles repeat seamlessly (two periods equal the tile twice) (8.0103ms)
✔ the room layer is open at the door and window, and solid elsewhere (58.8174ms)
✔ exterior pier owns no interior floor below the threshold; room owns the floor (98.073ms)
✔ every runtime title import matches the imported-art manifest (476.4276ms)
✔ grid layers share one 640x360 art-pixel grid and one palette (384.8026ms)
✔ border preparation extrudes existing RGBA, including alpha, without shifting content (0.9863ms)
✔ the wordmark keeps real heading text and only whole-pixel sizes (0.6116ms)
✔ hand-authored map dimensions and five named districts are stable (3.9923ms)
✔ every permanent walkable tile and every exit are connected at both tides (15.4783ms)
✔ 100 seeds: both chosen exits remain reachable before and after tide change (130.6282ms)
✔ every flood tile can reach nearby permanent land at low tide (9.0308ms)
✔ seeds reproduce all run choices and different seeds vary them (4.8028ms)
✔ collision, boundaries, tide gates and line of sight respect walls (0.3588ms)
ℹ tests 233
ℹ suites 0
ℹ pass 232
ℹ fail 1
ℹ cancelled 0
ℹ skipped 0
ℹ todo 0
ℹ duration_ms 5886.1841

✖ failing tests:

test at tests\raid-runtime.test.ts:1:5314
✖ map data retains classic water, real door orientation, stable region IDs and half-open revelation (17.7307ms)
  Error: Invalid fixture position on coast: (800, 700); body overlaps obstacle or bounds.
      at checkPosition (D:\bincov\pr22-runtime\src\raid-runtime\test-support.ts:17:26)
      at Object.placePlayer (D:\bincov\pr22-runtime\src\raid-runtime\test-support.ts:23:13)
      at TestContext.<anonymous> (D:\bincov\pr22-runtime\tests\raid-runtime.test.ts:87:14)
      at Test.runInAsyncScope (node:async_hooks:227:14)
      at Test.run (node:internal/test_runner/test:1382:25)
      at Test.processPendingSubtests (node:internal/test_runner/test:960:18)
      at Test.postRun (node:internal/test_runner/test:1522:19)
      at Test.run (node:internal/test_runner/test:1447:12)
      at async Test.processPendingSubtests (node:internal/test_runner/test:960:7)
[ELIFECYCLE] Test failed. See above for more details.
