$ node --import tsx scripts/title-water-review.mjs
{
  "date": "2026-10-09T07:07:41.895Z",
  "methodology": "Offline file:// current packaged game. Screenshots are unmodified. Water diagnostic uses ?test=1 to disable rain and hold the camera; a separate static capture uses reduced motion. Synthetic state is limited to these controls; no saved-game fixture.",
  "checks": [
    {
      "name": "visible water changes without rain",
      "changedPixels": 2490
    },
    {
      "name": "visible reflection changes without rain",
      "changedPixels": 2928
    },
    {
      "name": "fixed-camera diagnostic",
      "camera": [
        0,
        0
      ]
    },
    {
      "name": "motion toggle preserves pose",
      "before": [
        {
          "far": [
            0,
            0
          ],
          "harbor": [
            0,
            0
          ],
          "room": [
            0.9788966144243313,
            0
          ],
          "lamp": [
            0.9788966144243313,
            0
          ],
          "desk": [
            1.9577932288486626,
            0
          ],
          "chair": [
            2.936689843272994,
            0
          ],
          "fore": [
            3.915586457697325,
            0
          ]
        },
        61.44541767310573,
        2,
        51
      ],
      "after": [
        {
          "far": [
            0,
            0
          ],
          "harbor": [
            0,
            0
          ],
          "room": [
            0.9788966144243313,
            0
          ],
          "lamp": [
            0.9788966144243313,
            0
          ],
          "desk": [
            1.9577932288486626,
            0
          ],
          "chair": [
            2.936689843272994,
            0
          ],
          "fore": [
            3.915586457697325,
            0
          ]
        },
        61.44541767310573,
        2,
        51
      ]
    }
  ],
  "errors": [],
  "externalRequests": [],
  "status": "passed"
}
