passed 1 sol real-death 27934720
passed 2 sol extract 27934720
passed 3 sol abandon 27934720
passed 4 sol real-death 27934720
passed 5 sol extract 27934720
passed 6 sol abandon 27934720
passed 7 sol real-death 27934720
passed 8 sol extract 27934720
passed 9 sol abandon 27934720
passed 10 sol real-death 27934720
passed 11 placeholder real-death 27934720
passed 12 placeholder extract 27934720
passed 13 placeholder abandon 27934720
passed 14 placeholder real-death 27934720
passed 15 placeholder extract 27934720
passed 16 placeholder abandon 27934720
passed 17 placeholder real-death 27934720
passed 18 placeholder extract 27934720
passed 19 placeholder abandon 27934720
passed 20 placeholder real-death 27934720
