shot cross-1280x720.png
shot longwall-1280x720.png
shot door-1280x720.png
shot door-open-1280x720.png
shot reveal-1280x720.png
shot window-1280x720.png
shot loot-1280x720.png
shot enemies-1280x720.png
shot extract-1280x720.png
shot outside-1280x720.png
shot upstairs-1280x720.png
shot basement-1280x720.png
shot carbine-1280x720.png
shot inventory-1280x720.png
shot loot-panel-1280x720.png
shot map-1280x720.png
shot reading-1280x720.png
shot cross-1920x1080.png
shot longwall-1920x1080.png
shot door-1920x1080.png
shot door-open-1920x1080.png
shot reveal-1920x1080.png
shot window-1920x1080.png
shot loot-1920x1080.png
shot enemies-1920x1080.png
shot extract-1920x1080.png
shot outside-1920x1080.png
shot upstairs-1920x1080.png
shot basement-1920x1080.png
shot carbine-1920x1080.png
shot inventory-1920x1080.png
shot loot-panel-1920x1080.png
shot map-1920x1080.png
shot reading-1920x1080.png
shot cross-844x390.png
shot longwall-844x390.png
shot door-844x390.png
shot door-open-844x390.png
shot reveal-844x390.png
shot window-844x390.png
shot loot-844x390.png
shot enemies-844x390.png
shot extract-844x390.png
shot outside-844x390.png
shot upstairs-844x390.png
shot basement-844x390.png
shot carbine-844x390.png
shot inventory-844x390.png
shot loot-panel-844x390.png
shot map-844x390.png
shot reading-844x390.png
shot cross-640x300.png
shot longwall-640x300.png
shot door-640x300.png
shot door-open-640x300.png
shot reveal-640x300.png
shot window-640x300.png
shot loot-640x300.png
shot enemies-640x300.png
shot extract-640x300.png
shot outside-640x300.png
shot upstairs-640x300.png
shot basement-640x300.png
shot carbine-640x300.png
shot inventory-640x300.png
shot loot-panel-640x300.png
shot map-640x300.png
shot reading-640x300.png
68 shots; anomalies 0; errors 0; external requests 0
