{
  "status": "passed",
  "checks": [
    {
      "id": "R09-runtime-mirror",
      "status": "passed"
    },
    {
      "id": "R10-real-death-sol",
      "status": "passed",
      "reason": null,
      "first": {
        "at": 1788.2999999970198,
        "dt": 0.006,
        "deathEvents": 1,
        "deathT": 0.0061,
        "rotation": -0.04765625,
        "body": true,
        "weapon": false,
        "corpse": false
      }
    },
    {
      "id": "R10-real-death-placeholder",
      "status": "passed",
      "reason": null,
      "first": {
        "at": 1278.699999999255,
        "dt": 0.006099999999999909,
        "deathEvents": 1,
        "deathT": 0.00619999999999991,
        "rotation": -0.04843749999999929,
        "body": true,
        "weapon": false,
        "corpse": false
      }
    }
  ]
}
