old-1c1c935 [
  {
    cue: 'shot',
    evidence: { before: 8, after: 7 },
    output: {
      blocks: 131,
      peak: 0.2155398577451706,
      hfPeak: 0.025434319288872725,
      ambiencePeak: 0.05563955381512642
    }
  },
  {
    cue: 'pickup',
    evidence: { sampleInBag: true },
    output: {
      blocks: 143,
      peak: 0.047680795192718506,
      hfPeak: 0.0017329164137573167,
      ambiencePeak: 0.04772283509373665
    }
  },
  {
    cue: 'hit',
    evidence: { before: 100, after: 89, actualEnemyAI: true },
    output: {
      blocks: 132,
      peak: 0.20254294574260712,
      hfPeak: 0.020497189132629132,
      ambiencePeak: 0.026099873706698418
    }
  },
  {
    cue: 'extract',
    evidence: { outcome: 'extract' },
    output: {
      blocks: 449,
      peak: 0.06722346693277359,
      hfPeak: 0.002024487754525943,
      ambiencePeak: 0.03383491188287735
    }
  }
]
current-14abea3 [
  {
    cue: 'shot',
    evidence: { before: 8, after: 7 },
    output: {
      blocks: 132,
      peak: 0.2155398577451706,
      hfPeak: 0.02543431945860376,
      ambiencePeak: 0.05563955381512642
    }
  },
  {
    cue: 'pickup',
    evidence: { sampleInBag: true },
    output: {
      blocks: 144,
      peak: 0.047680795192718506,
      hfPeak: 0.0016659425265431816,
      ambiencePeak: 0.04772283509373665
    }
  },
  {
    cue: 'hit',
    evidence: { before: 100, after: 89, actualEnemyAI: true },
    output: {
      blocks: 133,
      peak: 0.20254294574260712,
      hfPeak: 0.02583841944199883,
      ambiencePeak: 0.026099873706698418
    }
  },
  {
    cue: 'extract',
    evidence: { outcome: 'extract' },
    output: {
      blocks: 451,
      peak: 0.07174935191869736,
      hfPeak: 0.001674586100742553,
      ambiencePeak: 0.03383491188287735
    }
  }
]
