$ node --import tsx --test tests/*.test.ts
✔ 零资源基地30分钟并行恢复符合设计，流血不造成离线损血且首次返站可休息 (1.6576ms)
✔ 长离线按强化到期、治疗和上限分段，与逐秒在线计算等价 (31.4803ms)
✔ 五设施各级成本/前置替代一次支付，救济不能变成建设材料，黑市海珠只扣一件 (1.177ms)
✔ 有限串行生产锁定入队等级，取消只退排队批次，整批领取不重复、空间不足不改状态 (1.2987ms)
✔ 行动/待结算仅推进生产，不补回血、buff或训练；回拨不降低游标 (0.2397ms)
✔ 基地练习拒绝挂机/长跳时长/离线，每120有效秒给0.25量，三属性共享窗口且刷新状态不重置 (2.4978ms)
✔ 居民楼各图尺寸独立，每个房间和成对平台在两种潮位均有永久退路 (20.8134ms)
✔ 门两侧都可开，占门洞的玩家或活敌人拒绝关门，窗和家具通弹但不能穿行 (0.9306ms)
✔ 交互共享目标：撤离优先，其余按距离和入口、门、物资、记录排序，不隔窗拾取 (0.7575ms)
✔ 新居民楼一次投放全局25敌人和60记录，平台无投放，原海岸生成和旧世界不变 (149.7635ms)
✔ 20 original items plus production/RPG items have coherent footprints, stacks and prices (1.4232ms)
✔ placement respects width, bounds and collisions; rotations are not implicit (0.7713ms)
✔ stacking and weight use per-unit definitions and preserve relief provenance (1.3222ms)
✔ transfers are all-or-nothing, including partially fillable stacks (0.3482ms)
✔ moving a complete stack onto a compatible stack merges it (0.2389ms)
✔ merchant stock, payment and full storage are transaction-safe (0.4802ms)
✔ equipping swaps safely and returns the gun to storage on unequip (0.4818ms)
✔ reload consumes exactly missing rounds and never invents ammunition (0.194ms)
✔ damage respects armor and clamps at zero without healing (0.1603ms)
✔ loot and random streams are reproducible and quantities are valid (1.5364ms)
✔ begin commits gear out of save and extract restores it exactly once (0.8166ms)
✔ death loses carried gear and preserves the 2×2 safe (0.2847ms)
✔ timeout loses carried gear and preserves the 2×2 safe (0.178ms)
✔ storage round trip and interrupted run keep checkpointed safe without duplicating loadout (0.9739ms)
✔ stale settlement cannot resolve a newer run, even with the same seed (0.2807ms)
✔ three completed runs and refreshes persist progress with no multiplication (0.6181ms)
✔ relief is conditional, cannot be repeatedly claimed and cannot be sold (0.32ms)
✔ a gun inside the safe prevents relief duplication after save recovery (0.3445ms)
✔ recovering and persisting a failed poor run grants exactly one relief kit (0.2915ms)
✔ removing an item from safe and checkpointing cannot resurrect it on refresh (0.2278ms)
✔ quest submission consumes across inventories atomically and rewards once (0.4604ms)
✔ version-zero inventory upgrades; corrupt and unknown fields cannot inject items (0.4038ms)
✔ storage errors propagate instead of silently authorizing an unsafe raid (1.3301ms)
✔ mixed magazines load relief rounds first without changing ordinary ammo provenance (0.2632ms)
✔ a full bag and full stash do not lose loaded rounds on extraction or refresh (3.891ms)
✔ unloading a mixed magazine preserves saleability independently of a relief gun (0.2621ms)
✔ equipment swaps reject insufficient unloading space without losing gun or ammo (0.1838ms)
✔ full inventories queue one relief kit, persist it, and deliver only when room opens (3.9137ms)
✔ relief can use stash space while a full bag remains unchanged (0.5494ms)
✔ migration normalizes magazine bounds and unique item IDs across every container (0.2619ms)
✔ stale safe checkpoints cannot alter the current run and legacy active runs cannot settle (0.2212ms)
✔ raid gun swaps unload a mixed magazine with both ammo origins preserved (0.2504ms)
✔ a full raid backpack rejects a loaded gun swap atomically (0.5248ms)
✔ v4 activation is atomic, retains exact pre-upgrade bytes once, and preserves coast snapshots (51.3704ms)
✔ candidate transition commits shots, one corpse, damage training, pursuit, RNG and production together (18.765ms)
✔ stale candidates cannot overwrite a newer commit, and foreign tickets cannot be used (8.9156ms)
✔ strict imports reject corruption without changing stored bytes or silently resetting the world (10.7925ms)
✔ expanded settled/live/pending backups preserve growth and queues; imports replace complete state (12.2764ms)
✔ dynamic caps and each independent map size are validated rather than using coast constants (0.683ms)
✔ production discards blocked time, never exceeds three completed batches and is monotonic (0.4653ms)
✔ two independent thumbs, third pointer ownership and cancel do not stick (1.5291ms)
✔ aim-only inner ring, held fire outer ring, no shot on release or resume (0.3359ms)
✔ desktop remains press-to-fire; command repeats and lost releases are cleared (0.2905ms)
✔ clock counts a 125ms frame in full and resets across pause (0.2357ms)
✔ phone layout accepts keyboard movement, sprint, interaction and single-shot mouse input (0.226ms)
✔ active sticks take priority without discarding held physical keys (0.9977ms)
✔ closing a loot panel does not reuse held movement, fire, aim or interaction (0.276ms)
✔ the E press used to close loot is blocked even when the overlay did not forward keydown (0.2053ms)
✔ opening loot cancels active touch sticks and does not resume them on pointer movement (0.4274ms)
✔ body/path, sight and bullet channels differ for windows, low furniture and ordinary doors (1.8578ms)
✔ finite departing trajectories stop at walls/closed doors but can kill through windows/open doors (27.5274ms)
✔ short/zero-speed shots cannot kill; first legal target receives actual damage, not overkill (0.7347ms)
✔ no landing rejects without settling bullets, and fallback uses distance then row/column inside a circle (2.3039ms)
✔ survivors without eye contact or a path do not pursue; an existing event keeps its target on return (0.9362ms)
✔ killing a source pursuit cancels ownership transfer and produces only one corpse (1.0553ms)
✔ legacy coast-v1 checkpoints keep their original loose loot without adding crates (30.2198ms)
✔ container world format rejects missing, duplicate, mismatched or corrupt inventories (16.1585ms)
✔ container transfers preserve already rotated footprints through recovery (11.443ms)
✔ full containers refuse returned items and keep exact coordinates on both sides (5.2545ms)
✔ another writer fences a staged container transfer without changing the winning save (10.2625ms)
✔ container and backpack transfers keep the complete item and its chosen coordinates (47.1843ms)
✔ taking from and returning to a container updates the restored safe and world atomically (19.0766ms)
✔ the take write observes the old live container until commit (8.8724ms)
✔ the return write observes the old live container until commit (7.2318ms)
✔ failed storage rolls back container take with bag and permits one retry (10.9082ms)
✔ failed storage rolls back container return with bag and permits one retry (15.7559ms)
✔ failed storage rolls back container take with safe and permits one retry (13.5551ms)
✔ failed storage rolls back container return with safe and permits one retry (12.2827ms)
✔ an unexpected exception after a character change rolls back both sides (14.0723ms)
✔ container rearrangement supports self-overlap and complete stack merges (26.1449ms)
✔ bag and safe can exchange items through the same exact-slot transaction (13.3344ms)
✔ merging consumes the source UID while keeping target identity and relief restrictions (13.7133ms)
✔ invalid slots, endpoints and unavailable items have no side effects or writes (10.6423ms)
✔ stale run and mismatched container identities are rejected before any write (4.0599ms)
✔ non-running, conflict and pending-settlement sessions block looting (7.0193ms)
✔ containers from the last raid cannot supply the next raid (8.2533ms)
✔ split with rotation and partial merge persist source remainder atomically and roll back on write failure (15.881ms)
✔ the original 100-seed run generation keeps its pre-container baseline fingerprint (9.253ms)
✔ 100 seeds conserve all loot while crates stay nearby, dry and clear of interactions (524.0555ms)
✔ partition picks shortest routes, breaks ties by coordinates and respects walls and named regions (0.5569ms)
✔ exact placement validates the complete footprint without changing either inventory (2.3706ms)
✔ full inventory rejects a chosen slot even when the source could stack elsewhere (0.4412ms)
✔ whole stacks merge only at their exact origin and never exceed the stack limit (0.3409ms)
✔ relief identity is preserved for both accepted and refused stacks (0.2757ms)
✔ same-inventory rearrangement can overlap its old footprint but cannot overlap other items (0.2518ms)
✔ missing items, malformed quantities and duplicate identities are rejected (0.2572ms)
✔ partial merges conserve the total and preserve source identity, position and relief (0.5142ms)
✔ split and rotation are previews until valid exact placement, without self-overlap or duplicated identities (0.3445ms)
✔ 商场39区域、7同层开口、4成对连接及固定验证锚点合法，两层同坐标各自拥有楼板 (6.0361ms)
✔ 所有可行走格、开放房间和露台在两种潮位都连至合法平台或干燥撤离环路 (61.1366ms)
✔ 商场一次分配6/10/9敌人与12/28/20物资，10箱20记录和40散落，幸运中性守恒且刷新不重投 (180.8287ms)
✔ B/M/V装饰的视觉登记与实际移动、子弹和视线通道一致；封存核无隐形连接 (0.7183ms)
✔ 商场同平面坐标的两个原敌人、掉落和声源由楼层隔离，双向射击只结算当前层 (12.8428ms)
✔ 追击敌人走过门后，玩家关门，后续帧、刷新及连接等待不得重开身后的门 (7.2321ms)
✔ 一帧跨过弯道和多扇门时仍打开新路段的门，越过后不再处理旧门 (2.4466ms)
✔ 追击进度、途经开门和抵达只移交一个原身份，冷却/生命不重置，返回不改变旧目标 (18.8146ms)
✔ 堵塞目标稳定等待，腾出落点后抵达；不可见目标收到敌人但本地时间仍冻结 (1.1771ms)
✔ 返回来源层时落点避开仍属于追击事件的活人投影 (3.4283ms)
✔ 普通飞行与离层结算共用有限首碰撞内核，同一子弹伤害和掉落一致 (1.9142ms)
✔ 潮位切断剩余路段时取消追击并归回来源，听声或未发现玩家不登记事件 (0.9708ms)
✔ RPG shop keeps cloth and medicines in atomic carts; classic shop cannot buy the extended stock (32.2911ms)
✔ layered container split/rotation and partial merging share one durable world/inventory transaction (56.3412ms)
✔ incoming bullet feedback uses actual same-layer hits; blocked and departing bullets do not signal player hits (2.636ms)
✔ departure warnings use matching ammo in the backpack and distinguish safe-only treatment (7.9033ms)
✔ raid tracking separates stored and carried materials without double-counting the safe checkpoint (0.8413ms)
✔ navigation reports compass bearing and straight-line tile distance in every quadrant (0.3854ms)
✔ v1 Runtime loads both real routes without DOM and publishes detached immutable batches (50.4967ms)
✔ clock retains 125ms, stalls over 2s, resets on pause, and checkpoints every 2s (19.0403ms)
✔ blocked panels advance the world with empty input; pause freezes it; old held controls rearm (16.7066ms)
✔ shotgun batches report six actual pellets without additional RNG draws, and aim is continuous (13.2457ms)
✔ commands and fireHeld only reach first substep; primary and knife retain actual weapon semantics (8.7246ms)
✔ map data retains classic water, real door orientation, stable region IDs and half-open revelation (22.7238ms)
✔ true reload increments epoch; transaction synchronization and repeated view reads do not (56.6711ms)
✔ door mutation failure publishes no success, and retries original candidate exactly once (37.773ms)
✔ layer commit moves epoch once, freezes source time and filters source event stamps (80.3238ms)
✔ ground pickup and medical failures roll back world, inventory and vitals (37.2689ms)
✔ stale container TargetRef cannot select or transfer from a new run/map (8.2391ms)
✔ classic corpse rotation and container survive snapshot reconstruction without death replay (7.58ms)
✔ all terminal failures preserve pending backup; success precedes disposal and no duplicate rewards (36.0779ms)
✔ extraction needs held 3 seconds, and movement intent interrupts it (23.0063ms)
✔ shared layered observation is side-effect-free for hits and departure (8.2285ms)
✔ test fixture capabilities require explicit opt-in (9.3722ms)
✔ medical commit failure rolls back an actual available supply and successful retry commits once (34.6066ms)
✔ container transfer is atomic, partial quantity is truthful, and stale requests cannot redirect it (40.3248ms)
✔ failed departure discards source hit effects; retry emits source stamp and commits original RNG (33.1843ms)
✔ environment damage has no direction and consumes no combat RNG (7.7202ms)
✔ region boundary, sealed overlap and 16px revelation cache retain fail-closed presentation (4.9512ms)
✔ DDA observes corner, start-blocked, range and transmissive low/window without changing outcomes (5.6655ms)
✔ storage conflict freezes world and blocks all durable effects (14.4108ms)
✔ production host exposes no mutable core or fixture controls and preserves terminal retry (10.7718ms)
✔ warning, tide and timeout use global elapsed with timeout before input (65.4925ms)
✔ drop and equip failure restore ammunition provenance, inventory, ground and allocator (50.6695ms)
✔ deployment debit and complete initial world restore together without rerunning beginRun (49.5668ms)
✔ failed checkpoint leaves the complete previous revision; retry cannot resurrect a terminal run (10.789ms)
✔ old client writes cannot overwrite the v2 record; migration keeps exact original bytes (1.0612ms)
✔ malformed, future and inconsistent checkpoints never overwrite stored progress (11.5341ms)
✔ revision fence rejects a writer holding an older record (1.8006ms)
✔ gameplay random state resumes the exact next draws (0.3232ms)
✔ 声望等级端点、实时资格、折扣舍入最低1；公共商人和原任务不绑定阵营 (1.6618ms)
✔ 通用配置奖励一次扣料、发现金、全部声望/属性/幸运并保存凭据，满级不换成现金 (1.1749ms)
✔ 幸运1不改原物资且不抽取；低幸运保护任务、救济、单件原物品，高幸运追加一次 (0.4129ms)
✔ 同名普通/救济堆低幸运只减普通，满容器好运溢出变成同图地面物资 (2.2987ms)
✔ 初始幸运单元和地图事件只判定一次，重复恢复/打开不会继续抽取或增产 (1.0068ms)
✔ 饰品交换守恒、满栏拒绝卸下、隐藏幸运仅临时改变且夹在范围内 (3.0897ms)
✔ 中心仍可不暴击，边缘仍可暴击，miss不抽取；实际枪傷不会按过量或匕首计训练 (1.749ms)
✔ 霰弹逐颗独立：一暴击一普通为37.5伤害，离层和正常飞行结果/RNG完全一致 (14.65ms)
✔ either insertion order fits medkit and water in four cells, without moving existing items (4.2127ms)
✔ manual rotation rejects collisions, preserves UID and relief, and follows rotated bounds when moved (0.5035ms)
✔ rotated settled backups survive validation and reject malformed or legacy orientation (6.0845ms)
✔ v2 session migration keeps exact bytes and a failed commit leaves the original record (14.7113ms)
✔ rotated safe survives checkpoint, death settlement and recovery backup round trip (23.4562ms)
✔ 精神/缺水/饥饿30、10、0与污染40、70、70+边界不受显示取整影响 (4.2999ms)
✔ 十分钟基础消耗与体质保护吻合，污染恢复与直接损血不被体质削弱 (1.1974ms)
✔ 强化不补满，到期裁切不计损伤；针剂结束疲劳按剩余时间推进，镇痛不止血 (0.3254ms)
✔ 训练递减、余数、硬上限与重复提交差额不会重复增长 (0.5692ms)
✔ 顶墙不训练，两个地块内往返每60秒最多15秒；实际路线推进和耐力可计量 (1.8225ms)
✔ 敌伤、合格治疗每敌每局50上限，环境伤/溢出/无效物品不提供训练 (0.6338ms)
✔ 有效敌伤20触发疼痛，精神惊吓按全局十秒节流，不因换层重新开始 (0.3151ms)
✔ 暴击公式区分技巧和专注，不对中心命中作保证，最终最高25% (0.2015ms)
✔ extract: failed settlement stays pending, retry saves exactly once and survives reload (18.0478ms)
✔ death: failed settlement stays pending, retry saves exactly once and survives reload (6.635ms)
✔ timeout: failed settlement stays pending, retry saves exactly once and survives reload (6.4064ms)
✔ merchant purchases and quest submission roll back cash, items and rewards on storage failure (8.6499ms)
✔ failed safe transfers and medical use restore both inventories and player vitals (13.3747ms)
✔ another tab cannot be overwritten by a pending retry; backup remains exportable (3.2321ms)
✔ backup import preserves the old save on failure and commits the full new save on success (2.1278ms)
✔ backup reader rejects unrelated, unsupported, truncated, oversized, overlapping and live-raid data (1.7534ms)
✔ sessions isolate progress, storage and pending outcomes (32.9641ms)
✔ a denied storage accessor is handled without publishing a raid loadout (2.6416ms)
✔ initialization migrates version-zero but refuses to overwrite malformed saves (1.7667ms)
✔ interrupted recovery survives a failed startup write without duplicating relief (2.497ms)
✔ deployment publishes gear and run count only after storage accepts the candidate (11.1563ms)
✔ deployment cannot bypass session state or a cross-window conflict (0.8331ms)
✔ a reject after partial mutation restores progress, loadout and every vital (6.0525ms)
✔ a throw after partial mutation restores progress, loadout and every vital (5.4854ms)
✔ a committed safe transfer restores the matching live loadout without duplication (12.3816ms)
✔ relief and volume writes retain the last durable values on failure (2.2008ms)
✔ staging, failed writes and conflict keep one frozen settlement until successful retry (7.1629ms)
✔ import commits before replacing state and does not alias its input (1.2186ms)
✔ cart conserves goods before checkout; pack return and sale return cancel without touching save (21.1486ms)
✔ net settlement allows sale to finance the purchase and free its storage space (0.884ms)
✔ insufficient cash or space rejects every purchase and sale (1.292ms)
✔ quest warning uses whole transaction totals, includes carried supplies and excludes finished quests (0.7018ms)
✔ relief, malformed pack and changed stash cannot be sold or settled (0.9637ms)
✔ save failure rolls back entire net transaction, retry writes exactly once and reload agrees (6.6621ms)
✔ 明确落格保留的战利品在安全箱、背包或仓库中跨同种子商场/居民楼出击，生成身份不冲突 (179.0783ms)
✔ 基地设施候选失败不扣钱和材料，重试同一票据只扣一次并保留升级前恢复速率 (2.6121ms)
✔ 通用多阵营奖励、永久属性和幸运在失败后整体回滚，重试及重复交付不叠加 (2.5181ms)
✔ 生产出击后推进、活动局不离线回血；楼层和成品同票据提交，失败重试不重抽 (24.6796ms)
✔ 死亡、超时、放弃保持成长与安全箱；只有死亡设置低值身体，待结算不开始基地恢复 (36.6258ms)
✔ 旧库存海珠不自动开放黑市；成功带回普通海珠的凭据独立保存且不再扣第二份 (11.4152ms)
✔ 扩展v2未知字段、重复护符UID、未声明敌弹来源与损坏事件拒绝，不改变原始字节 (10.8918ms)
✔ pointer normalisation saturates at and beyond the viewport edges (2.565ms)
✔ camera follow is frame-rate independent and never overshoots (0.3919ms)
✔ frame steps are clamped so resuming never fast-forwards motion (0.1839ms)
✔ parallax has continuous subpixel positions and a bounded horizontal comfort range (0.5382ms)
✔ any one stop condition halts the whole scene (0.1847ms)
✔ decoration randomness is deterministic and separate per seed (0.3917ms)
✔ pose frames, blinks and twinkles stay in their discrete states (0.4852ms)
✔ full-screen layers cover their largest parallax travel, so edges never show (77.3833ms)
✔ fog tiles repeat seamlessly (two periods equal the tile twice) (9.3951ms)
✔ the room layer is open at the door and window, and solid elsewhere (59.0208ms)
✔ exterior pier owns no interior floor below the threshold; room owns the floor (98.142ms)
✔ every runtime title import matches the imported-art manifest (604.1491ms)
✔ grid layers share one 640x360 art-pixel grid and one palette (407.4027ms)
✔ border preparation extrudes existing RGBA, including alpha, without shifting content (0.9797ms)
✔ the wordmark keeps real heading text and only whole-pixel sizes (0.6109ms)
✔ hand-authored map dimensions and five named districts are stable (3.8163ms)
✔ every permanent walkable tile and every exit are connected at both tides (16.8321ms)
✔ 100 seeds: both chosen exits remain reachable before and after tide change (124.8481ms)
✔ every flood tile can reach nearby permanent land at low tide (6.5258ms)
✔ seeds reproduce all run choices and different seeds vary them (6.1506ms)
✔ collision, boundaries, tide gates and line of sight respect walls (0.374ms)
ℹ tests 223
ℹ suites 0
ℹ pass 223
ℹ fail 0
ℹ cancelled 0
ℹ skipped 0
ℹ todo 0
ℹ duration_ms 5700.323
