PASS 1280x720 menu
PASS 1280x720 help
PASS 1280x720 gear
PASS 1280x720 item
PASS 1280x720 arms
PASS 1280x720 med
PASS 1280x720 quests
PASS 1280x720 home
PASS 1280x720 ready-quest
PASS 1280x720 expanded-stash
PASS 1280x720 completed-quests
PASS 1280x720 upgraded-home
PASS 1280x720 raid
PASS 1280x720 inventory
PASS 1280x720 inventory-item
PASS 1280x720 map
PASS 1280x720 pause
PASS 1280x720 abandon
PASS 1280x720 result
PASS 1920x1080 menu
PASS 1920x1080 help
PASS 1920x1080 gear
PASS 1920x1080 item
PASS 1920x1080 arms
PASS 1920x1080 med
PASS 1920x1080 quests
PASS 1920x1080 home
PASS 1920x1080 ready-quest
PASS 1920x1080 expanded-stash
PASS 1920x1080 completed-quests
PASS 1920x1080 upgraded-home
PASS 1920x1080 raid
PASS 1920x1080 inventory
PASS 1920x1080 inventory-item
PASS 1920x1080 map
PASS 1920x1080 pause
PASS 1920x1080 abandon
PASS 1920x1080 result
